nohup: ignoring input
评估真值: data/u_test_volume.npy (Icepak 真实温度场, 形状 (10, 101, 101, 56))
[valsel] 训练 80 / 验证 10 (划分 seed=12345, 与训练 seed 解耦)
[valsel] 验证样本索引: [6, 14, 19, 32, 41, 62, 63, 64, 81, 86]
[valsel] 每 500 轮评一次验证 MAPE, 保留最优权重
iyz,jyz,kyz,byz->bijky
Total number of parameters: 3303680
Epoch 1/20000 - Loss: 1887.7139892578125
  [VAL @500] val_mape=0.070925  <-- best
  [VAL @1000] val_mape=0.069904  <-- best
  [VAL @1500] val_mape=0.065677  <-- best
  [VAL @2000] val_mape=0.061036  <-- best
  [VAL @2500] val_mape=0.055090  <-- best
  [VAL @3000] val_mape=0.049574  <-- best
  [VAL @3500] val_mape=0.043386  <-- best
  [VAL @4000] val_mape=0.027855  <-- best
  [VAL @4500] val_mape=0.024721  <-- best
  [VAL @5000] val_mape=0.011745  <-- best
Epoch 5001/20000 - Loss: 0.2697644531726837
  [VAL @5500] val_mape=0.010584  <-- best
  [VAL @6000] val_mape=0.012448
  [VAL @6500] val_mape=0.051567
  [VAL @7000] val_mape=0.048260
  [VAL @7500] val_mape=0.088157
  [VAL @8000] val_mape=0.104371
  [VAL @8500] val_mape=0.110599
  [VAL @9000] val_mape=0.112489
  [VAL @9500] val_mape=0.114581
  [VAL @10000] val_mape=0.112459
Epoch 10001/20000 - Loss: 0.09654240310192108
  [VAL @10500] val_mape=0.091350
  [VAL @11000] val_mape=0.128646
  [VAL @11500] val_mape=0.083967
  [VAL @12000] val_mape=0.128364
  [VAL @12500] val_mape=0.126020
  [VAL @13000] val_mape=0.114091
  [VAL @13500] val_mape=0.128301
  [VAL @14000] val_mape=0.125883
  [VAL @14500] val_mape=0.123126
  [VAL @15000] val_mape=0.127468
Epoch 15001/20000 - Loss: 0.05700261890888214
  [VAL @15500] val_mape=0.128814
  [VAL @16000] val_mape=0.128553
  [VAL @16500] val_mape=0.058828
  [VAL @17000] val_mape=0.017451
  [VAL @17500] val_mape=0.024894
  [VAL @18000] val_mape=0.078399
  [VAL @18500] val_mape=0.110518
  [VAL @19000] val_mape=0.123153
  [VAL @19500] val_mape=0.125533
  [VAL @20000] val_mape=0.128929
[valsel] 最优权重 @epoch 5500, 验证 MAPE=0.010584
[soup] avg(best,final) 验证 MAPE=0.060176 vs best=0.010584 -> 保留 best
Runtime --> total: 336.75sec (16.84ms/iter.)
rel_l2 --> mean: 0.16532250 (std:  0.014797)
rmse --> mean: 0.16820157 (std:  0.034515)
max_l1 --> mean: 0.17818211 (std:  0.050213)
mape --> mean: 0.01053578 (std:  0.002552)
pape --> mean: 0.03822882 (std:  0.004770)
