评估真值: data/u_test_volume.npy (Icepak 真实温度场, 形状 (10, 101, 101, 56))
[valsel] 训练 80 / 验证 10 (划分 seed=12345, 与训练 seed 解耦)
[valsel] 验证样本索引: [6, 14, 19, 32, 41, 62, 63, 64, 81, 86]
[valsel] 每 500 轮评一次验证集(指标=mape), 保留最优权重
iyz,jyz,kyz,byz->bijky
Total number of parameters: 8526592
[3d5] 分区 k 场已构造, 形状 (1, 101, 101, 56, 1), 值域 [0.00038, 0.1000]
[3d5] 功率幅值修正 DHV_POWER_SCALE=0.33 (量纲解析推导; 设 1 可关闭)
[valsel] 选优指标: mape
Epoch 1/20000 - Loss: 610.6914672851562
  [VAL @500] val_mape=0.034055  <-- best
  [VAL @1000] val_mape=0.058580
  [VAL @1500] val_mape=0.110708
  [VAL @2000] val_mape=0.110416
  [VAL @2500] val_mape=0.099463
  [VAL @3000] val_mape=0.096422
  [VAL @3500] val_mape=0.087000
  [VAL @4000] val_mape=0.084503
  [VAL @4500] val_mape=0.077431
  [VAL @5000] val_mape=0.070177
Epoch 5001/20000 - Loss: 0.052631475031375885
  [VAL @5500] val_mape=0.063685
  [VAL @6000] val_mape=0.054993
  [VAL @6500] val_mape=0.048339
  [VAL @7000] val_mape=0.038571
  [VAL @7500] val_mape=0.033786  <-- best
  [VAL @8000] val_mape=0.022212  <-- best
  [VAL @8500] val_mape=0.015405  <-- best
  [VAL @9000] val_mape=0.011421  <-- best
  [VAL @9500] val_mape=0.020710
  [VAL @10000] val_mape=0.033254
Epoch 10001/20000 - Loss: -0.2874443531036377
  [VAL @10500] val_mape=0.017588
  [VAL @11000] val_mape=0.094341
  [VAL @11500] val_mape=0.122440
  [VAL @12000] val_mape=0.140724
  [VAL @12500] val_mape=0.187969
  [VAL @13000] val_mape=0.216013
  [VAL @13500] val_mape=0.190349
  [VAL @14000] val_mape=0.280755
  [VAL @14500] val_mape=0.141786
  [VAL @15000] val_mape=0.431253
Epoch 15001/20000 - Loss: 2.5429599285125732
  [VAL @15500] val_mape=0.601130
  [VAL @16000] val_mape=0.584028
  [VAL @16500] val_mape=0.929814
  [VAL @17000] val_mape=1.106998
  [VAL @17500] val_mape=1.563924
  [VAL @18000] val_mape=1.317925
  [VAL @18500] val_mape=3.504961
  [VAL @19000] val_mape=5.048055
  [VAL @19500] val_mape=6.436096
  [VAL @20000] val_mape=8.098696
[valsel] 最优权重 @epoch 9000, 验证 mape=0.011421
[soup] avg(best,final) 验证 MAPE=2.063101 vs best=0.011421 -> 保留 best
Runtime --> total: 354.70sec (17.74ms/iter.)
rel_l2 --> mean: 0.13284408 (std:  0.043713)
rmse --> mean: 0.12986529 (std:  0.027942)
max_l1 --> mean: 0.18850952 (std:  0.100075)
mape --> mean: 0.00869112 (std:  0.001895)
pape --> mean: 0.02287580 (std:  0.005566)
