===== 3.5d主配置(fvm能量) both选优 seed42 =====
评估真值: data/u_test_volume.npy (Icepak 真实温度场, 形状 (10, 101, 101, 56))
[valsel] 训练 80 / 验证 10 (划分 seed=12345, 与训练 seed 解耦)
[valsel] 验证样本索引: [6, 14, 19, 32, 41, 62, 63, 64, 81, 86]
[valsel] 每 500 轮评一次验证集(指标=both), 保留最优权重
iyz,jyz,kyz,byz->bijky
Total number of parameters: 8526592
[3d5] 分区 k 场已构造, 形状 (1, 101, 101, 56, 1), 值域 [0.00038, 0.1000]
[3d5] 功率幅值修正 DHV_POWER_SCALE=0.33 (量纲解析推导; 设 1 可关闭)
[valsel] 选优指标: both (峰值max_l1+平均mape 前沿归一化均衡)
Epoch 1/20000 - Loss: 610.6892700195312
  [VAL @500] val_mape=2.000000  <-- best
  [VAL @1000] val_mape=5.059534
  [VAL @1500] val_mape=5.073037
  [VAL @2000] val_mape=2.336662
  [VAL @2500] val_mape=5.032241
  [VAL @3000] val_mape=2.798396
  [VAL @3500] val_mape=3.692024
  [VAL @4000] val_mape=8.646169
  [VAL @4500] val_mape=3.323778
  [VAL @5000] val_mape=2.625411
  [VAL @5500] val_mape=2.403662
  [VAL @6000] val_mape=2.248541
  [VAL @6500] val_mape=2.053108
  [VAL @7000] val_mape=2.299952
  [VAL @7500] val_mape=4.296980
  [VAL @8000] val_mape=8.647345
  [VAL @8500] val_mape=19.525672
  [VAL @9000] val_mape=34.098729
  [VAL @9500] val_mape=52.800824
  [VAL @10000] val_mape=62.580854
Epoch 10001/20000 - Loss: -1.7813230752944946
  [VAL @10500] val_mape=66.448051
  [VAL @11000] val_mape=47.847955
  [VAL @11500] val_mape=101.768591
  [VAL @12000] val_mape=86.347705
  [VAL @12500] val_mape=117.677625
  [VAL @13000] val_mape=453.915692
  [VAL @13500] val_mape=21.706582
  [VAL @14000] val_mape=452.620681
  [VAL @14500] val_mape=1352.797573
  [VAL @15000] val_mape=1287.853863
  [VAL @15500] val_mape=3060.911608
  [VAL @16000] val_mape=8964.782474
  [VAL @16500] val_mape=9990.323542
  [VAL @17000] val_mape=13291.537989
  [VAL @17500] val_mape=14344.609410
  [VAL @18000] val_mape=14856.271966
  [VAL @18500] val_mape=14417.887151
  [VAL @19000] val_mape=15460.473246
  [VAL @19500] val_mape=15820.405976
  [VAL @20000] val_mape=16265.498119
[valsel] 最优权重 @epoch 500, 验证 both=2.000000
[soup] avg(best,final) 验证 MAPE=105.118505 vs best=2.000000 -> 保留 best
Runtime --> total: 367.73sec (18.39ms/iter.)
rel_l2 --> mean: 0.47926807 (std:  0.084102)
rmse --> mean: 0.50144804 (std:  0.164694)
max_l1 --> mean: 0.30791381 (std:  0.190059)
mape --> mean: 0.03810344 (std:  0.012659)
pape --> mean: 0.06215919 (std:  0.013577)
===== 3.5d主配置(fvm能量) both选优 seed43 =====
评估真值: data/u_test_volume.npy (Icepak 真实温度场, 形状 (10, 101, 101, 56))
[valsel] 训练 80 / 验证 10 (划分 seed=12345, 与训练 seed 解耦)
[valsel] 验证样本索引: [6, 14, 19, 32, 41, 62, 63, 64, 81, 86]
[valsel] 每 500 轮评一次验证集(指标=both), 保留最优权重
iyz,jyz,kyz,byz->bijky
Total number of parameters: 8526592
[3d5] 分区 k 场已构造, 形状 (1, 101, 101, 56, 1), 值域 [0.00038, 0.1000]
[3d5] 功率幅值修正 DHV_POWER_SCALE=0.33 (量纲解析推导; 设 1 可关闭)
[valsel] 选优指标: both (峰值max_l1+平均mape 前沿归一化均衡)
Epoch 1/20000 - Loss: 375.98089599609375
  [VAL @500] val_mape=2.000000  <-- best
  [VAL @1000] val_mape=2.000000
  [VAL @1500] val_mape=2.000000
  [VAL @2000] val_mape=2.000000
  [VAL @2500] val_mape=3.666246
  [VAL @3000] val_mape=36.480712
  [VAL @3500] val_mape=3.442311
  [VAL @4000] val_mape=3.112905
  [VAL @4500] val_mape=3.446746
  [VAL @5000] val_mape=3.331321
  [VAL @5500] val_mape=3.562788
  [VAL @6000] val_mape=3.323877
  [VAL @6500] val_mape=3.574351
  [VAL @7000] val_mape=3.102610
  [VAL @7500] val_mape=3.620683
  [VAL @8000] val_mape=2.855220
  [VAL @8500] val_mape=2.913047
  [VAL @9000] val_mape=2.061612
  [VAL @9500] val_mape=4.792270
  [VAL @10000] val_mape=5.745280
Epoch 10001/20000 - Loss: 0.06317513436079025
  [VAL @10500] val_mape=3.393286
  [VAL @11000] val_mape=4.020604
  [VAL @11500] val_mape=4.411230
  [VAL @12000] val_mape=14.748840
  [VAL @12500] val_mape=3.495532
  [VAL @13000] val_mape=3.231128
  [VAL @13500] val_mape=3.127738
  [VAL @14000] val_mape=3.062441
  [VAL @14500] val_mape=3.166627
  [VAL @15000] val_mape=2.180839
  [VAL @15500] val_mape=2.000000
  [VAL @16000] val_mape=2.000000
  [VAL @16500] val_mape=2.000000
  [VAL @17000] val_mape=3.662142
  [VAL @17500] val_mape=5.988872
  [VAL @18000] val_mape=7.780477
  [VAL @18500] val_mape=10.504155
  [VAL @19000] val_mape=12.862555
  [VAL @19500] val_mape=16.862495
  [VAL @20000] val_mape=19.871085
[valsel] 最优权重 @epoch 500, 验证 both=2.000000
[soup] avg(best,final) 验证 MAPE=24.854373 vs best=2.000000 -> 保留 best
Runtime --> total: 366.03sec (18.30ms/iter.)
rel_l2 --> mean: 0.76311147 (std:  0.039176)
rmse --> mean: 0.78272480 (std:  0.167116)
max_l1 --> mean: 0.72434872 (std:  0.187901)
mape --> mean: 0.06098532 (std:  0.012256)
pape --> mean: 0.07419827 (std:  0.012726)
===== 3.5d主配置(fvm能量) both选优 seed44 =====
评估真值: data/u_test_volume.npy (Icepak 真实温度场, 形状 (10, 101, 101, 56))
[valsel] 训练 80 / 验证 10 (划分 seed=12345, 与训练 seed 解耦)
[valsel] 验证样本索引: [6, 14, 19, 32, 41, 62, 63, 64, 81, 86]
[valsel] 每 500 轮评一次验证集(指标=both), 保留最优权重
iyz,jyz,kyz,byz->bijky
Total number of parameters: 8526592
[3d5] 分区 k 场已构造, 形状 (1, 101, 101, 56, 1), 值域 [0.00038, 0.1000]
[3d5] 功率幅值修正 DHV_POWER_SCALE=0.33 (量纲解析推导; 设 1 可关闭)
[valsel] 选优指标: both (峰值max_l1+平均mape 前沿归一化均衡)
Epoch 1/20000 - Loss: 2583.6064453125
  [VAL @500] sel_score=2.000000  <-- best
  [VAL @1000] sel_score=2.000000
  [VAL @1500] sel_score=2.000000
  [VAL @2000] sel_score=5.358217
  [VAL @2500] sel_score=6.642710
  [VAL @3000] sel_score=5.266818
  [VAL @3500] sel_score=4.165381
  [VAL @4000] sel_score=6.085409
  [VAL @4500] sel_score=10.566607
  [VAL @5000] sel_score=5.573865
  [VAL @5500] sel_score=5.103196
  [VAL @6000] sel_score=4.733049
  [VAL @6500] sel_score=4.228280
  [VAL @7000] sel_score=3.862134
  [VAL @7500] sel_score=3.558248
  [VAL @8000] sel_score=3.010867
  [VAL @8500] sel_score=2.755592
  [VAL @9000] sel_score=2.262730
  [VAL @9500] sel_score=2.026976
  [VAL @10000] sel_score=2.000000
Epoch 10001/20000 - Loss: -0.2066977471113205
  [VAL @10500] sel_score=3.190688
  [VAL @11000] sel_score=7.005658
  [VAL @11500] sel_score=16.334223
  [VAL @12000] sel_score=16.159656
  [VAL @12500] sel_score=8.645577
  [VAL @13000] sel_score=13.641402
  [VAL @13500] sel_score=14.930196
  [VAL @14000] sel_score=33.791759
  [VAL @14500] sel_score=43.843661
  [VAL @15000] sel_score=26.437927
  [VAL @15500] sel_score=56.116071
  [VAL @16000] sel_score=41.097943
  [VAL @16500] sel_score=61.939676
  [VAL @17000] sel_score=94.901069
  [VAL @17500] sel_score=133.619320
  [VAL @18000] sel_score=146.215636
  [VAL @18500] sel_score=236.530722
  [VAL @19000] sel_score=298.137370
  [VAL @19500] sel_score=440.190543
  [VAL @20000] sel_score=613.626034
[valsel] 最优权重 @epoch 500, 验证 both=2.000000
[soup] avg(best,final) 验证 MAPE=3.349993 vs best=2.000000 -> 保留 best
Runtime --> total: 355.52sec (17.78ms/iter.)
rel_l2 --> mean: 0.96449083 (std:  0.005376)
rmse --> mean: 0.98199290 (std:  0.167262)
max_l1 --> mean: 0.77938998 (std:  0.189508)
mape --> mean: 0.07595149 (std:  0.012133)
pape --> mean: 0.11028097 (std:  0.012707)
FINAL3_DONE
